SDRTrunk unified timeline — control + 3 traffic sessions
Window: 22:15:10 to 22:15:28

    time  src           status    message
----------------------------------------------------------------------------------------------------------------------------------
22:14:54  CC            PASSED    NAC:2209/x8A1 TSBK1 SNDCP_DCH_GRANT TO:3599070 CHAN:0-1193 SERVICE OPTIONS:NSAPI:1 HALF DUPLEX CIRCUIT MODE
22:14:54  CC            PASSED    NAC:2209/x8A1 TSBK1 SNDCP_DCH_GRANT TO:3599070 CHAN:0-1193 SERVICE OPTIONS:NSAPI:1 HALF DUPLEX CIRCUIT MODE
22:14:54  CC            PASSED    NAC:2209/x8A1 TSBK1 SNDCP_DCH_GRANT TO:3599070 CHAN:0-1193 SERVICE OPTIONS:NSAPI:1 HALF DUPLEX CIRCUIT MODE
22:15:10  CC            PASSED    NAC:2209/x8A1 TSBK2 GRP_VCH_GRANT FM:3406070 TO:300 CHAN:0-1189 PRI4 CIRCUIT
22:15:10  CC            PASSED    NAC:2209/x8A1 TSBK2 GRP_VCH_GRANT FM:3406070 TO:300 CHAN:0-1189 PRI4 CIRCUIT
22:15:10  T1 858.4375   PASSED    <-> SYNC LOSS - BITS PROCESSED [1020]
22:15:10  T1 858.4375   PASSED    NAC:2209/x8A1 LDU2 VOICE LSD:0000 UNENCRYPTED
22:15:11  CC            PASSED    NAC:2209/x8A1 TSBK2 GRP_VCH_GRNT_UPD GROUP A:300 CHAN A:0-1189
22:15:11  CC            PASSED    NAC:2209/x8A1 TSBK3 GRP_VCH_GRNT_UPD GROUP A:300 CHAN A:0-1189
22:15:11  CC            PASSED    NAC:2209/x8A1 TSBK3 GRP_VCH_GRNT_UPD GROUP A:300 CHAN A:0-1189
22:15:11  T1 858.4375   PASSED    NAC:2209/x8A1 LDU1 VOICE LSD:0000 GROUP VOICE CHANNEL USER FM:0 TO:300 SERVICE OPTIONS:PRI4 CIRCUIT
22:15:11  T1 858.4375   PASSED    NAC:2209/x8A1 LDU2 VOICE LSD:0000 UNENCRYPTED
22:15:11  T1 858.4375   PASSED    NAC:2209/x8A1 LDU1 VOICE LSD:0000 GROUP VOICE CHANNEL USER FM:3406070 TO:300 SERVICE OPTIONS:PRI4 CIRCUIT
22:15:11  T1 858.4375   PASSED    NAC:2209/x8A1 LDU2 VOICE LSD:0000 UNENCRYPTED
22:15:11  T1 858.4375   PASSED    NAC:2209/x8A1 LDU1 VOICE LSD:0000 GROUP VOICE CHANNEL USER FM:3406070 TO:300 SERVICE OPTIONS:PRI4 CIRCUIT
22:15:12  CC            PASSED    NAC:2209/x8A1 TSBK1 GRP_VCH_GRNT_UPD GROUP A:300 CHAN A:0-1189
22:15:12  CC            PASSED    NAC:2209/x8A1 TSBK1 GRP_VCH_GRNT_UPD GROUP A:300 CHAN A:0-1189
22:15:12  CC            PASSED    NAC:2209/x8A1 TSBK2 GRP_VCH_GRNT_UPD GROUP A:300 CHAN A:0-1189
22:15:12  CC            PASSED    NAC:2209/x8A1 TSBK2 GRP_VCH_GRANT FM:1014 TO:300 CHAN:0-1189 PRI4 CIRCUIT
22:15:12  CC            PASSED    NAC:2209/x8A1 TSBK2 GRP_VCH_GRANT FM:1014 TO:300 CHAN:0-1189 PRI4 CIRCUIT
22:15:12  CC            PASSED    NAC:2209/x8A1 TSBK2 GRP_VCH_GRNT_UPD GROUP A:300 CHAN A:0-1189
22:15:12  T1 858.4375   PASSED    NAC:2209/x8A1 LDU2 VOICE LSD:0000 UNENCRYPTED
22:15:12  T1 858.4375   PASSED    NAC:2209/x8A1 TDULC MOTOROLA TALK COMPLETE BY:3406070 UNK1:10 UNK2:10
22:15:12  T1 858.4375   PASSED    NAC:2209/x8A1 TDULC GROUP VOICE CHANNEL USER FM:0 TO:300 SERVICE OPTIONS:PRI4 CIRCUIT
22:15:12  T1 858.4375   PASSED    NAC:2209/x8A1 TDULC GROUP VOICE CHANNEL USER FM:0 TO:300 SERVICE OPTIONS:PRI4 CIRCUIT
22:15:12  T1 858.4375   PASSED    NAC:2209/x8A1 TDULC GROUP VOICE CHANNEL USER FM:0 TO:300 SERVICE OPTIONS:PRI4 CIRCUIT
22:15:12  T1 858.4375   PASSED    NAC:2209/x8A1 TDULC GROUP VOICE CHANNEL USER FM:0 TO:300 SERVICE OPTIONS:PRI4 CIRCUIT
22:15:12  T1 858.4375   PASSED    NAC:2209/x8A1 TDULC GROUP VOICE CHANNEL USER FM:0 TO:300 SERVICE OPTIONS:PRI4 CIRCUIT
22:15:12  T1 858.4375   PASSED    NAC:2209/x8A1 TDULC GROUP VOICE CHANNEL USER FM:0 TO:300 SERVICE OPTIONS:PRI4 CIRCUIT
22:15:12  T1 858.4375   PASSED    NAC:2209/x8A1 TDULC GROUP VOICE CHANNEL USER FM:0 TO:300 SERVICE OPTIONS:PRI4 CIRCUIT
22:15:12  T1 858.4375   PASSED    NAC:2209/x8A1 TDULC GROUP VOICE CHANNEL USER FM:0 TO:300 SERVICE OPTIONS:PRI4 CIRCUIT
22:15:12  T1 858.4375   PASSED    NAC:2209/x8A1 TDULC GROUP VOICE CHANNEL USER FM:0 TO:300 SERVICE OPTIONS:PRI4 CIRCUIT
22:15:12  T1 858.4375   PASSED    NAC:2209/x8A1 TDULC GROUP VOICE CHANNEL USER FM:0 TO:300 SERVICE OPTIONS:PRI4 CIRCUIT
22:15:12  T1 858.4375   PASSED    NAC:2209/x8A1 TDULC GROUP VOICE CHANNEL USER FM:0 TO:300 SERVICE OPTIONS:PRI4 CIRCUIT
22:15:12  T1 858.4375   PASSED    NAC:2209/x8A1 TDULC GROUP VOICE CHANNEL USER FM:0 TO:300 SERVICE OPTIONS:PRI4 CIRCUIT
22:15:12  T1 858.4375   PASSED    NAC:2209/x8A1 TDULC GROUP VOICE CHANNEL USER FM:0 TO:300 SERVICE OPTIONS:PRI4 CIRCUIT
22:15:12  T1 858.4375   PASSED    NAC:2209/x8A1 TDULC GROUP VOICE CHANNEL USER FM:0 TO:300 SERVICE OPTIONS:PRI4 CIRCUIT
22:15:12  T1 858.4375   PASSED    NAC:2209/x8A1 TDULC GROUP VOICE CHANNEL USER FM:0 TO:300 SERVICE OPTIONS:PRI4 CIRCUIT
22:15:12  T1 858.4375   PASSED    NAC:2209/x8A1 TDU
22:15:12  T1 858.4375   PASSED    NAC:2209/x8A1 TDULC GROUP VOICE CHANNEL USER FM:0 TO:300 SERVICE OPTIONS:PRI4 CIRCUIT
22:15:12  T1 858.4375   PASSED    NAC:2209/x8A1 TDULC GROUP VOICE CHANNEL USER FM:0 TO:300 SERVICE OPTIONS:PRI4 CIRCUIT
22:15:12  T1 858.4375   PASSED    NAC:2209/x8A1 TDULC GROUP VOICE CHANNEL USER FM:0 TO:300 SERVICE OPTIONS:PRI4 CIRCUIT
22:15:12  T1 858.4375   PASSED    NAC:2209/x8A1 TDULC GROUP VOICE CHANNEL USER FM:0 TO:300 SERVICE OPTIONS:PRI4 CIRCUIT
22:15:13  CC            PASSED    NAC:2209/x8A1 TSBK3 GRP_VCH_GRNT_UPD GROUP A:300 CHAN A:0-1189
22:15:13  CC            PASSED    NAC:2209/x8A1 TSBK3 GRP_VCH_GRNT_UPD GROUP A:300 CHAN A:0-1189
22:15:13  CC            PASSED    NAC:2209/x8A1 TSBK1 GRP_VCH_GRNT_UPD GROUP A:300 CHAN A:0-1189
22:15:13  T1 858.4375   PASSED    NAC:2209/x8A1 TDULC GROUP VOICE CHANNEL USER FM:0 TO:300 SERVICE OPTIONS:PRI4 CIRCUIT
22:15:13  T1 858.4375   PASSED    NAC:2209/x8A1 HDU TALKGROUP:300 UNENCRYPTED
22:15:13  T1 858.4375   PASSED    NAC:2209/x8A1 LDU1 VOICE LSD:0000 GROUP VOICE CHANNEL USER FM:0 TO:300 SERVICE OPTIONS:PRI4 CIRCUIT
22:15:13  T1 858.4375   PASSED    NAC:2209/x8A1 LDU2 VOICE LSD:0000 UNENCRYPTED
22:15:13  T1 858.4375   PASSED    NAC:2209/x8A1 LDU1 VOICE LSD:0000 GROUP VOICE CHANNEL USER FM:0 TO:300 SERVICE OPTIONS:PRI4 CIRCUIT
22:15:13  T1 858.4375   PASSED    NAC:2209/x8A1 LDU2 VOICE LSD:0000 UNENCRYPTED
22:15:14  CC            PASSED    NAC:2209/x8A1 TSBK2 GRP_VCH_GRNT_UPD GROUP A:300 CHAN A:0-1189
22:15:14  CC            PASSED    NAC:2209/x8A1 TSBK2 GRP_VCH_GRNT_UPD GROUP A:300 CHAN A:0-1189
22:15:14  CC            PASSED    NAC:2209/x8A1 TSBK3 GRP_VCH_GRNT_UPD GROUP A:300 CHAN A:0-1189
22:15:14  T1 858.4375   PASSED    NAC:2209/x8A1 LDU1 VOICE LSD:0000 GROUP VOICE CHANNEL USER FM:1014 TO:300 SERVICE OPTIONS:PRI4 CIRCUIT
22:15:14  T1 858.4375   PASSED    NAC:2209/x8A1 LDU2 VOICE LSD:0000 UNENCRYPTED
22:15:14  T1 858.4375   PASSED    NAC:2209/x8A1 LDU1 VOICE LSD:0000 GROUP VOICE CHANNEL USER FM:1014 TO:300 SERVICE OPTIONS:PRI4 CIRCUIT
22:15:14  T1 858.4375   PASSED    NAC:2209/x8A1 LDU2 VOICE LSD:0000 UNENCRYPTED
22:15:14  T1 858.4375   PASSED    NAC:2209/x8A1 LDU1 VOICE LSD:0000 ***LINK CONTROL CRC FAIL*** GROUP VOICE CHANNEL USER FM:532610 TO:8322 SERVI
22:15:14  T1 858.4375   PASSED    NAC:2209/x8A1 TDULC GROUP VOICE CHANNEL USER FM:0 TO:300 SERVICE OPTIONS:PRI4 CIRCUIT
22:15:14  T1 858.4375   PASSED    NAC:2209/x8A1 TDULC GROUP VOICE CHANNEL USER FM:0 TO:300 SERVICE OPTIONS:PRI4 CIRCUIT
22:15:14  T1 858.4375   PASSED    NAC:2209/x8A1 TDULC GROUP VOICE CHANNEL USER FM:0 TO:300 SERVICE OPTIONS:PRI4 CIRCUIT
22:15:14  T1 858.4375   PASSED    NAC:2209/x8A1 TDULC GROUP VOICE CHANNEL USER FM:0 TO:300 SERVICE OPTIONS:PRI4 CIRCUIT
22:15:14  T1 858.4375   PASSED    NAC:2209/x8A1 TDULC GROUP VOICE CHANNEL USER FM:0 TO:300 SERVICE OPTIONS:PRI4 CIRCUIT
22:15:14  T1 858.4375   PASSED    NAC:2209/x8A1 TDULC GROUP VOICE CHANNEL USER FM:0 TO:300 SERVICE OPTIONS:PRI4 CIRCUIT
22:15:15  CC            PASSED    NAC:2209/x8A1 TSBK3 GRP_VCH_GRNT_UPD GROUP A:300 CHAN A:0-1189
22:15:15  CC            PASSED    NAC:2209/x8A1 TSBK1 GRP_VCH_GRNT_UPD GROUP A:300 CHAN A:0-1189
22:15:15  CC            PASSED    NAC:2209/x8A1 TSBK1 GRP_VCH_GRNT_UPD GROUP A:300 CHAN A:0-1189
22:15:15  T1 858.4375   PASSED    NAC:2209/x8A1 TDULC GROUP VOICE CHANNEL USER FM:0 TO:300 SERVICE OPTIONS:PRI4 CIRCUIT
22:15:15  T1 858.4375   PASSED    NAC:2209/x8A1 TDULC GROUP VOICE CHANNEL USER FM:0 TO:300 SERVICE OPTIONS:PRI4 CIRCUIT
22:15:15  T1 858.4375   PASSED    NAC:2209/x8A1 TDULC GROUP VOICE CHANNEL USER FM:0 TO:300 SERVICE OPTIONS:PRI4 CIRCUIT
22:15:15  T1 858.4375   PASSED    NAC:2209/x8A1 TDULC GROUP VOICE CHANNEL USER FM:0 TO:300 SERVICE OPTIONS:PRI4 CIRCUIT
22:15:15  T1 858.4375   PASSED    NAC:2209/x8A1 TDULC GROUP VOICE CHANNEL USER FM:0 TO:300 SERVICE OPTIONS:PRI4 CIRCUIT
22:15:15  T1 858.4375   PASSED    NAC:2209/x8A1 TDULC GROUP VOICE CHANNEL USER FM:0 TO:300 SERVICE OPTIONS:PRI4 CIRCUIT
22:15:15  T1 858.4375   PASSED    NAC:2209/x8A1 TDULC GROUP VOICE CHANNEL USER FM:0 TO:300 SERVICE OPTIONS:PRI4 CIRCUIT
22:15:15  T1 858.4375   PASSED    NAC:2209/x8A1 TDULC GROUP VOICE CHANNEL USER FM:0 TO:300 SERVICE OPTIONS:PRI4 CIRCUIT
22:15:15  T1 858.4375   PASSED    NAC:2209/x8A1 TDULC GROUP VOICE CHANNEL USER FM:0 TO:300 SERVICE OPTIONS:PRI4 CIRCUIT
22:15:15  T1 858.4375   PASSED    NAC:2209/x8A1 TDULC GROUP VOICE CHANNEL USER FM:0 TO:300 SERVICE OPTIONS:PRI4 CIRCUIT
22:15:15  T1 858.4375   PASSED    NAC:2209/x8A1 TDULC GROUP VOICE CHANNEL USER FM:0 TO:300 SERVICE OPTIONS:PRI4 CIRCUIT
22:15:15  T1 858.4375   PASSED    NAC:2209/x8A1 TDULC GROUP VOICE CHANNEL USER FM:0 TO:300 SERVICE OPTIONS:PRI4 CIRCUIT
22:15:15  T1 858.4375   PASSED    NAC:2209/x8A1 TDULC GROUP VOICE CHANNEL USER FM:0 TO:300 SERVICE OPTIONS:PRI4 CIRCUIT
22:15:15  T1 858.4375   PASSED    NAC:2209/x8A1 TDULC GROUP VOICE CHANNEL USER FM:0 TO:300 SERVICE OPTIONS:PRI4 CIRCUIT
22:15:15  T1 858.4375   PASSED    NAC:2209/x8A1 TDULC GROUP VOICE CHANNEL USER FM:0 TO:300 SERVICE OPTIONS:PRI4 CIRCUIT
22:15:15  T1 858.4375   PASSED    NAC:2209/x8A1 TDULC GROUP VOICE CHANNEL USER FM:0 TO:300 SERVICE OPTIONS:PRI4 CIRCUIT
22:15:15  T1 858.4375   PASSED    NAC:2209/x8A1 TDULC GROUP VOICE CHANNEL USER FM:0 TO:300 SERVICE OPTIONS:PRI4 CIRCUIT
22:15:15  T1 858.4375   PASSED    NAC:2209/x8A1 TDULC GROUP VOICE CHANNEL USER FM:0 TO:300 SERVICE OPTIONS:PRI4 CIRCUIT
22:15:15  T1 858.4375   PASSED    NAC:2209/x8A1 TDULC GROUP VOICE CHANNEL USER FM:0 TO:300 SERVICE OPTIONS:PRI4 CIRCUIT
22:15:15  T1 858.4375   PASSED    NAC:2209/x8A1 TDULC GROUP VOICE CHANNEL USER FM:0 TO:300 SERVICE OPTIONS:PRI4 CIRCUIT
22:15:15  T1 858.4375   PASSED    NAC:2209/x8A1 TDULC GROUP VOICE CHANNEL USER FM:0 TO:300 SERVICE OPTIONS:PRI4 CIRCUIT
22:15:15  T1 858.4375   PASSED    NAC:2209/x8A1 TDULC GROUP VOICE CHANNEL USER FM:0 TO:300 SERVICE OPTIONS:PRI4 CIRCUIT
22:15:16  T1 858.4375   PASSED    NAC:2209/x8A1 TDULC GROUP VOICE CHANNEL USER FM:0 TO:300 SERVICE OPTIONS:PRI4 CIRCUIT
22:15:19  CC            PASSED    NAC:2209/x8A1 TSBK2 GRP_VCH_GRANT FM:3599061 TO:300 CHAN:0-1117 PRI4 CIRCUIT
22:15:19  CC            PASSED    NAC:2209/x8A1 TSBK2 GRP_VCH_GRANT FM:3599061 TO:300 CHAN:0-1117 PRI4 CIRCUIT
22:15:19  CC            PASSED    NAC:2209/x8A1 TSBK2 GRP_VCH_GRNT_UPD GROUP A:300 CHAN A:0-1117
22:15:19  T2 857.9875   PASSED    <-> SYNC LOSS - BITS PROCESSED [284]
22:15:19  T2 857.9875   PASSED    NAC:2209/x8A1 TDULC GROUP VOICE CHANNEL USER FM:0 TO:300 SERVICE OPTIONS:PRI4 CIRCUIT
22:15:19  T2 857.9875   PASSED    NAC:2209/x8A1 TDULC GROUP VOICE CHANNEL USER FM:0 TO:300 SERVICE OPTIONS:PRI4 CIRCUIT
22:15:19  T2 857.9875   PASSED    NAC:2209/x8A1 TDULC GROUP VOICE CHANNEL USER FM:0 TO:300 SERVICE OPTIONS:PRI4 CIRCUIT
22:15:19  T2 857.9875   PASSED    NAC:2209/x8A1 TDULC GROUP VOICE CHANNEL USER FM:0 TO:300 SERVICE OPTIONS:PRI4 CIRCUIT
22:15:19  T2 857.9875   PASSED    NAC:2209/x8A1 TDULC GROUP VOICE CHANNEL USER FM:0 TO:300 SERVICE OPTIONS:PRI4 CIRCUIT
22:15:20  CC            PASSED    NAC:2209/x8A1 TSBK2 GRP_VCH_GRNT_UPD GROUP A:300 CHAN A:0-1117
22:15:20  CC            PASSED    NAC:2209/x8A1 TSBK3 GRP_VCH_GRNT_UPD GROUP A:300 CHAN A:0-1117
22:15:20  CC            PASSED    NAC:2209/x8A1 TSBK3 GRP_VCH_GRNT_UPD GROUP A:300 CHAN A:0-1117
22:15:20  T2 857.9875   PASSED    NAC:2209/x8A1 TDULC GROUP VOICE CHANNEL USER FM:0 TO:300 SERVICE OPTIONS:PRI4 CIRCUIT
22:15:20  T2 857.9875   PASSED    NAC:2209/x8A1 TDULC GROUP VOICE CHANNEL USER FM:0 TO:300 SERVICE OPTIONS:PRI4 CIRCUIT
22:15:20  T2 857.9875   PASSED    NAC:2209/x8A1 TDULC GROUP VOICE CHANNEL USER FM:0 TO:300 SERVICE OPTIONS:PRI4 CIRCUIT
22:15:20  T2 857.9875   PASSED    NAC:2209/x8A1 HDU TALKGROUP:300 UNENCRYPTED
22:15:20  T2 857.9875   PASSED    NAC:2209/x8A1 LDU1 VOICE LSD:0000 GROUP VOICE CHANNEL USER FM:0 TO:300 SERVICE OPTIONS:PRI4 CIRCUIT
22:15:20  T2 857.9875   PASSED    NAC:2209/x8A1 LDU2 VOICE LSD:0000 UNENCRYPTED
22:15:20  T2 857.9875   PASSED    NAC:2209/x8A1 LDU1 VOICE LSD:0000 GROUP VOICE CHANNEL USER FM:0 TO:300 SERVICE OPTIONS:PRI4 CIRCUIT
22:15:20  T2 857.9875   PASSED    NAC:2209/x8A1 TDULC MOTOROLA TALK COMPLETE BY:3599061 UNK1:10 UNK2:10
22:15:20  T2 857.9875   PASSED    NAC:2209/x8A1 TDULC GROUP VOICE CHANNEL USER FM:0 TO:300 SERVICE OPTIONS:PRI4 CIRCUIT
22:15:20  T2 857.9875   PASSED    NAC:2209/x8A1 TDULC GROUP VOICE CHANNEL USER FM:0 TO:300 SERVICE OPTIONS:PRI4 CIRCUIT
22:15:20  T2 857.9875   PASSED    NAC:2209/x8A1 TDULC GROUP VOICE CHANNEL USER FM:0 TO:300 SERVICE OPTIONS:PRI4 CIRCUIT
22:15:20  T2 857.9875   PASSED    NAC:2209/x8A1 TDULC GROUP VOICE CHANNEL USER FM:0 TO:300 SERVICE OPTIONS:PRI4 CIRCUIT
22:15:20  T2 857.9875   PASSED    NAC:2209/x8A1 TDULC GROUP VOICE CHANNEL USER FM:0 TO:300 SERVICE OPTIONS:PRI4 CIRCUIT
22:15:21  CC            PASSED    NAC:2209/x8A1 TSBK1 GRP_VCH_GRNT_UPD GROUP A:300 CHAN A:0-1117
22:15:21  CC            PASSED    NAC:2209/x8A1 TSBK1 GRP_VCH_GRNT_UPD GROUP A:300 CHAN A:0-1117
22:15:21  CC            PASSED    NAC:2209/x8A1 TSBK2 GRP_VCH_GRNT_UPD GROUP A:300 CHAN A:0-1117
22:15:21  T2 857.9875   PASSED    NAC:2209/x8A1 TDULC GROUP VOICE CHANNEL USER FM:0 TO:300 SERVICE OPTIONS:PRI4 CIRCUIT
22:15:21  T2 857.9875   PASSED    NAC:2209/x8A1 TDULC GROUP VOICE CHANNEL USER FM:0 TO:300 SERVICE OPTIONS:PRI4 CIRCUIT
22:15:21  T2 857.9875   PASSED    NAC:2209/x8A1 TDULC GROUP VOICE CHANNEL USER FM:0 TO:300 SERVICE OPTIONS:PRI4 CIRCUIT
22:15:21  T2 857.9875   PASSED    NAC:2209/x8A1 TDULC GROUP VOICE CHANNEL USER FM:0 TO:300 SERVICE OPTIONS:PRI4 CIRCUIT
22:15:21  T2 857.9875   PASSED    NAC:2209/x8A1 TDULC GROUP VOICE CHANNEL USER FM:0 TO:300 SERVICE OPTIONS:PRI4 CIRCUIT
22:15:21  T2 857.9875   PASSED    NAC:2209/x8A1 TDULC GROUP VOICE CHANNEL USER FM:0 TO:300 SERVICE OPTIONS:PRI4 CIRCUIT
22:15:21  T2 857.9875   PASSED    NAC:2209/x8A1 TDULC GROUP VOICE CHANNEL USER FM:0 TO:300 SERVICE OPTIONS:PRI4 CIRCUIT
22:15:21  T2 857.9875   PASSED    NAC:2209/x8A1 TDULC GROUP VOICE CHANNEL USER FM:0 TO:300 SERVICE OPTIONS:PRI4 CIRCUIT
22:15:21  T2 857.9875   PASSED    NAC:2209/x8A1 TDULC GROUP VOICE CHANNEL USER FM:0 TO:300 SERVICE OPTIONS:PRI4 CIRCUIT
22:15:21  T2 857.9875   PASSED    NAC:2209/x8A1 TDULC GROUP VOICE CHANNEL USER FM:0 TO:300 SERVICE OPTIONS:PRI4 CIRCUIT
22:15:21  T2 857.9875   PASSED    NAC:2209/x8A1 TDULC GROUP VOICE CHANNEL USER FM:0 TO:300 SERVICE OPTIONS:PRI4 CIRCUIT
22:15:21  T2 857.9875   PASSED    NAC:2209/x8A1 TDULC GROUP VOICE CHANNEL USER FM:0 TO:300 SERVICE OPTIONS:PRI4 CIRCUIT
22:15:21  T2 857.9875   PASSED    NAC:2209/x8A1 TDULC GROUP VOICE CHANNEL USER FM:0 TO:300 SERVICE OPTIONS:PRI4 CIRCUIT
22:15:21  T2 857.9875   PASSED    NAC:2209/x8A1 TDULC GROUP VOICE CHANNEL USER FM:0 TO:300 SERVICE OPTIONS:PRI4 CIRCUIT
22:15:21  T2 857.9875   PASSED    NAC:2209/x8A1 TDULC GROUP VOICE CHANNEL USER FM:0 TO:300 SERVICE OPTIONS:PRI4 CIRCUIT
22:15:21  T2 857.9875   PASSED    NAC:2209/x8A1 TDULC GROUP VOICE CHANNEL USER FM:0 TO:300 SERVICE OPTIONS:PRI4 CIRCUIT
22:15:21  T2 857.9875   PASSED    NAC:2209/x8A1 TDULC GROUP VOICE CHANNEL USER FM:0 TO:300 SERVICE OPTIONS:PRI4 CIRCUIT
22:15:21  T2 857.9875   PASSED    NAC:2209/x8A1 TDULC GROUP VOICE CHANNEL USER FM:0 TO:300 SERVICE OPTIONS:PRI4 CIRCUIT
22:15:21  T2 857.9875   PASSED    NAC:2209/x8A1 TDULC GROUP VOICE CHANNEL USER FM:0 TO:300 SERVICE OPTIONS:PRI4 CIRCUIT
22:15:21  T2 857.9875   PASSED    NAC:2209/x8A1 TDULC GROUP VOICE CHANNEL USER FM:0 TO:300 SERVICE OPTIONS:PRI4 CIRCUIT
22:15:21  T2 857.9875   PASSED    NAC:2209/x8A1 TDULC GROUP VOICE CHANNEL USER FM:0 TO:300 SERVICE OPTIONS:PRI4 CIRCUIT
22:15:21  T2 857.9875   PASSED    NAC:2209/x8A1 TDULC GROUP VOICE CHANNEL USER FM:0 TO:300 SERVICE OPTIONS:PRI4 CIRCUIT
22:15:22  CC            PASSED    NAC:2209/x8A1 TSBK2 GRP_VCH_GRNT_UPD GROUP A:300 CHAN A:0-1117
22:15:22  CC            PASSED    NAC:2209/x8A1 TSBK2 GRP_VCH_GRANT FM:3599061 TO:300 CHAN:0-1117 PRI4 CIRCUIT
22:15:22  CC            PASSED    NAC:2209/x8A1 TSBK2 GRP_VCH_GRANT FM:3599061 TO:300 CHAN:0-1117 PRI4 CIRCUIT
22:15:22  CC            PASSED    NAC:2209/x8A1 TSBK2 GRP_VCH_GRNT_UPD GROUP A:300 CHAN A:0-1117
22:15:22  CC            PASSED    NAC:2209/x8A1 TSBK2 SNDCP_DCH_GRANT TO:3402135 CHAN:0-1193 SERVICE OPTIONS:NSAPI:1 HALF DUPLEX CIRCUIT MODE
22:15:22  CC            PASSED    NAC:2209/x8A1 TSBK2 SNDCP_DCH_GRANT TO:3402135 CHAN:0-1193 SERVICE OPTIONS:NSAPI:1 HALF DUPLEX CIRCUIT MODE
22:15:22  CC            PASSED    NAC:2209/x8A1 TSBK2 SNDCP_DCH_GRANT TO:3402135 CHAN:0-1193 SERVICE OPTIONS:NSAPI:1 HALF DUPLEX CIRCUIT MODE
22:15:22  CC            PASSED    NAC:2209/x8A1 TSBK2 GRP_VCH_GRNT_UPD GROUP A:300 CHAN A:0-1117
22:15:22  T2 857.9875   PASSED    NAC:2209/x8A1 TDULC GROUP VOICE CHANNEL USER FM:0 TO:300 SERVICE OPTIONS:PRI4 CIRCUIT
22:15:22  T2 857.9875   PASSED    NAC:2209/x8A1 TDULC GROUP VOICE CHANNEL USER FM:0 TO:300 SERVICE OPTIONS:PRI4 CIRCUIT
22:15:22  T2 857.9875   PASSED    NAC:2209/x8A1 TDULC GROUP VOICE CHANNEL USER FM:0 TO:300 SERVICE OPTIONS:PRI4 CIRCUIT
22:15:22  T2 857.9875   PASSED    NAC:2209/x8A1 TDULC GROUP VOICE CHANNEL USER FM:0 TO:300 SERVICE OPTIONS:PRI4 CIRCUIT
22:15:22  T2 857.9875   PASSED    NAC:2209/x8A1 TDULC GROUP VOICE CHANNEL USER FM:0 TO:300 SERVICE OPTIONS:PRI4 CIRCUIT
22:15:22  T2 857.9875   PASSED    NAC:2209/x8A1 TDULC GROUP VOICE CHANNEL USER FM:0 TO:300 SERVICE OPTIONS:PRI4 CIRCUIT
22:15:22  T2 857.9875   PASSED    NAC:2209/x8A1 TDULC GROUP VOICE CHANNEL USER FM:0 TO:300 SERVICE OPTIONS:PRI4 CIRCUIT
22:15:22  T2 857.9875   PASSED    NAC:2209/x8A1 TDULC GROUP VOICE CHANNEL USER FM:0 TO:300 SERVICE OPTIONS:PRI4 CIRCUIT
22:15:22  T3 857.9875   PASSED    <-> SYNC LOSS - BITS PROCESSED [258]
22:15:22  T3 857.9875   PASSED    NAC:2209/x8A1 TDULC GROUP VOICE CHANNEL USER FM:0 TO:300 SERVICE OPTIONS:PRI4 CIRCUIT
22:15:22  T3 857.9875   PASSED    NAC:2209/x8A1 TDULC GROUP VOICE CHANNEL USER FM:0 TO:300 SERVICE OPTIONS:PRI4 CIRCUIT
22:15:22  T3 857.9875   PASSED    NAC:2209/x8A1 TDULC GROUP VOICE CHANNEL USER FM:0 TO:300 SERVICE OPTIONS:PRI4 CIRCUIT
22:15:22  T3 857.9875   PASSED    NAC:2209/x8A1 TDULC GROUP VOICE CHANNEL USER FM:0 TO:300 SERVICE OPTIONS:PRI4 CIRCUIT
22:15:22  T3 857.9875   PASSED    NAC:2209/x8A1 TDULC GROUP VOICE CHANNEL USER FM:0 TO:300 SERVICE OPTIONS:PRI4 CIRCUIT
22:15:22  T3 857.9875   PASSED    NAC:2209/x8A1 HDU TALKGROUP:300 UNENCRYPTED
22:15:23  CC            PASSED    NAC:2209/x8A1 TSBK2 GRP_VCH_GRNT_UPD GROUP A:300 CHAN A:0-1117
22:15:23  CC            PASSED    NAC:2209/x8A1 TSBK2 GRP_VCH_GRNT_UPD GROUP A:300 CHAN A:0-1117
22:15:23  CC            PASSED    NAC:2209/x8A1 TSBK3 GRP_VCH_GRNT_UPD GROUP A:300 CHAN A:0-1117
22:15:23  T3 857.9875   PASSED    NAC:2209/x8A1 LDU1 VOICE LSD:0000 GROUP VOICE CHANNEL USER FM:0 TO:300 SERVICE OPTIONS:PRI4 CIRCUIT
22:15:23  T3 857.9875   PASSED    NAC:2209/x8A1 LDU2 VOICE LSD:0000 UNENCRYPTED
22:15:23  T3 857.9875   PASSED    NAC:2209/x8A1 LDU1 VOICE LSD:0000 GROUP VOICE CHANNEL USER FM:0 TO:300 SERVICE OPTIONS:PRI4 CIRCUIT
22:15:23  T3 857.9875   PASSED    NAC:2209/x8A1 LDU2 VOICE LSD:0000 UNENCRYPTED
22:15:23  T3 857.9875   PASSED    NAC:2209/x8A1 LDU1 VOICE LSD:0000 GROUP VOICE CHANNEL USER FM:3599061 TO:300 SERVICE OPTIONS:PRI4 CIRCUIT
22:15:23  T3 857.9875   PASSED    NAC:2209/x8A1 LDU2 VOICE LSD:0000 UNENCRYPTED
22:15:24  CC            PASSED    NAC:2209/x8A1 TSBK1 GRP_VCH_GRNT_UPD GROUP A:300 CHAN A:0-1117
22:15:24  CC            PASSED    NAC:2209/x8A1 TSBK1 GRP_VCH_GRNT_UPD GROUP A:300 CHAN A:0-1117
22:15:24  CC            PASSED    NAC:2209/x8A1 TSBK2 GRP_VCH_GRANT FM:1014 TO:300 CHAN:0-1117 PRI4 CIRCUIT
22:15:24  CC            PASSED    NAC:2209/x8A1 TSBK2 GRP_VCH_GRANT FM:1014 TO:300 CHAN:0-1117 PRI4 CIRCUIT
22:15:24  T3 857.9875   PASSED    NAC:2209/x8A1 LDU1 VOICE LSD:0000 GROUP VOICE CHANNEL USER FM:3599061 TO:300 SERVICE OPTIONS:PRI4 CIRCUIT
22:15:24  T3 857.9875   PASSED    NAC:2209/x8A1 LDU2 VOICE LSD:0000 UNENCRYPTED
22:15:24  T3 857.9875   PASSED    NAC:2209/x8A1 LDU1 VOICE LSD:0000 GROUP VOICE CHANNEL USER FM:3599061 TO:300 SERVICE OPTIONS:PRI4 CIRCUIT
22:15:24  T3 857.9875   PASSED    NAC:2209/x8A1 TDULC MOTOROLA TALK COMPLETE BY:3599061 UNK1:10 UNK2:10
22:15:24  T3 857.9875   PASSED    NAC:2209/x8A1 TDULC GROUP VOICE CHANNEL USER FM:0 TO:300 SERVICE OPTIONS:PRI4 CIRCUIT
22:15:24  T3 857.9875   PASSED    NAC:2209/x8A1 TDULC GROUP VOICE CHANNEL USER FM:0 TO:300 SERVICE OPTIONS:PRI4 CIRCUIT
22:15:24  T3 857.9875   PASSED    NAC:2209/x8A1 TDULC GROUP VOICE CHANNEL USER FM:0 TO:300 SERVICE OPTIONS:PRI4 CIRCUIT
22:15:24  T3 857.9875   PASSED    NAC:2209/x8A1 TDULC GROUP VOICE CHANNEL USER FM:0 TO:300 SERVICE OPTIONS:PRI4 CIRCUIT
22:15:24  T3 857.9875   PASSED    NAC:2209/x8A1 TDULC GROUP VOICE CHANNEL USER FM:0 TO:300 SERVICE OPTIONS:PRI4 CIRCUIT
22:15:24  T3 857.9875   PASSED    NAC:2209/x8A1 TDULC GROUP VOICE CHANNEL USER FM:0 TO:300 SERVICE OPTIONS:PRI4 CIRCUIT
22:15:24  T3 857.9875   PASSED    NAC:2209/x8A1 TDULC GROUP VOICE CHANNEL USER FM:0 TO:300 SERVICE OPTIONS:PRI4 CIRCUIT
22:15:24  T3 857.9875   PASSED    NAC:2209/x8A1 TDULC GROUP VOICE CHANNEL USER FM:0 TO:300 SERVICE OPTIONS:PRI4 CIRCUIT
22:15:24  T3 857.9875   PASSED    NAC:2209/x8A1 TDU
22:15:24  T3 857.9875   PASSED    NAC:2209/x8A1 TDULC GROUP VOICE CHANNEL USER FM:0 TO:300 SERVICE OPTIONS:PRI4 CIRCUIT
22:15:24  T3 857.9875   PASSED    NAC:2209/x8A1 TDULC GROUP VOICE CHANNEL USER FM:0 TO:300 SERVICE OPTIONS:PRI4 CIRCUIT
22:15:25  CC            PASSED    NAC:2209/x8A1 TSBK2 GRP_VCH_GRNT_UPD GROUP A:300 CHAN A:0-1117
22:15:25  CC            PASSED    NAC:2209/x8A1 TSBK2 GRP_VCH_GRNT_UPD GROUP A:300 CHAN A:0-1117
22:15:25  CC            PASSED    NAC:2209/x8A1 TSBK3 GRP_VCH_GRNT_UPD GROUP A:300 CHAN A:0-1117
22:15:25  CC            PASSED    NAC:2209/x8A1 TSBK3 GRP_VCH_GRNT_UPD GROUP A:300 CHAN A:0-1117
22:15:25  T3 857.9875   PASSED    NAC:2209/x8A1 TDULC GROUP VOICE CHANNEL USER FM:0 TO:300 SERVICE OPTIONS:PRI4 CIRCUIT
22:15:25  T3 857.9875   PASSED    NAC:2209/x8A1 TDULC GROUP VOICE CHANNEL USER FM:0 TO:300 SERVICE OPTIONS:PRI4 CIRCUIT
22:15:25  T3 857.9875   PASSED    NAC:2209/x8A1 HDU TALKGROUP:300 UNENCRYPTED
22:15:25  T3 857.9875   PASSED    NAC:2209/x8A1 LDU1 VOICE LSD:0000 GROUP VOICE CHANNEL USER FM:0 TO:300 SERVICE OPTIONS:PRI4 CIRCUIT
22:15:25  T3 857.9875   PASSED    NAC:2209/x8A1 LDU2 VOICE LSD:0000 UNENCRYPTED
22:15:25  T3 857.9875   PASSED    NAC:2209/x8A1 LDU1 VOICE LSD:0000 GROUP VOICE CHANNEL USER FM:0 TO:300 SERVICE OPTIONS:PRI4 CIRCUIT
22:15:25  T3 857.9875   PASSED    NAC:2209/x8A1 LDU2 VOICE LSD:0000 UNENCRYPTED
22:15:26  CC            PASSED    NAC:2209/x8A1 TSBK1 GRP_VCH_GRNT_UPD GROUP A:300 CHAN A:0-1117
22:15:26  CC            PASSED    NAC:2209/x8A1 TSBK2 GRP_VCH_GRNT_UPD GROUP A:300 CHAN A:0-1117
22:15:26  CC            PASSED    NAC:2209/x8A1 TSBK2 GRP_VCH_GRNT_UPD GROUP A:300 CHAN A:0-1117
22:15:26  T3 857.9875   PASSED    NAC:2209/x8A1 LDU1 VOICE LSD:0000 GROUP VOICE CHANNEL USER FM:1014 TO:300 SERVICE OPTIONS:PRI4 CIRCUIT
22:15:26  T3 857.9875   PASSED    NAC:2209/x8A1 LDU2 VOICE LSD:0000 UNENCRYPTED
22:15:26  T3 857.9875   PASSED    NAC:2209/x8A1 LDU1 VOICE LSD:0000 GROUP VOICE CHANNEL USER FM:1014 TO:300 SERVICE OPTIONS:PRI4 CIRCUIT
22:15:26  T3 857.9875   PASSED    NAC:2209/x8A1 LDU2 VOICE LSD:0000 UNENCRYPTED
22:15:26  T3 857.9875   PASSED    NAC:2209/x8A1 LDU1 VOICE LSD:0000 ***LINK CONTROL CRC FAIL*** GROUP VOICE CHANNEL USER FM:532610 TO:8322 SERVI
22:15:26  T3 857.9875   PASSED    NAC:2209/x8A1 TDULC GROUP VOICE CHANNEL USER FM:0 TO:300 SERVICE OPTIONS:PRI4 CIRCUIT
22:15:26  T3 857.9875   PASSED    NAC:2209/x8A1 TDULC GROUP VOICE CHANNEL USER FM:0 TO:300 SERVICE OPTIONS:PRI4 CIRCUIT
22:15:26  T3 857.9875   PASSED    NAC:2209/x8A1 TDULC GROUP VOICE CHANNEL USER FM:0 TO:300 SERVICE OPTIONS:PRI4 CIRCUIT
22:15:26  T3 857.9875   PASSED    NAC:2209/x8A1 TDULC GROUP VOICE CHANNEL USER FM:0 TO:300 SERVICE OPTIONS:PRI4 CIRCUIT
22:15:26  T3 857.9875   PASSED    NAC:2209/x8A1 TDULC GROUP VOICE CHANNEL USER FM:0 TO:300 SERVICE OPTIONS:PRI4 CIRCUIT
22:15:27  CC            PASSED    NAC:2209/x8A1 TSBK3 GRP_VCH_GRNT_UPD GROUP A:300 CHAN A:0-1117
22:15:27  CC            PASSED    NAC:2209/x8A1 TSBK3 GRP_VCH_GRNT_UPD GROUP A:300 CHAN A:0-1117
22:15:27  CC            PASSED    NAC:2209/x8A1 TSBK1 GRP_VCH_GRNT_UPD GROUP A:300 CHAN A:0-1117
22:15:27  T3 857.9875   PASSED    NAC:2209/x8A1 TDULC GROUP VOICE CHANNEL USER FM:0 TO:300 SERVICE OPTIONS:PRI4 CIRCUIT
22:15:27  T3 857.9875   PASSED    NAC:2209/x8A1 TDULC GROUP VOICE CHANNEL USER FM:0 TO:300 SERVICE OPTIONS:PRI4 CIRCUIT
22:15:27  T3 857.9875   PASSED    NAC:2209/x8A1 TDULC GROUP VOICE CHANNEL USER FM:0 TO:300 SERVICE OPTIONS:PRI4 CIRCUIT
22:15:27  T3 857.9875   PASSED    NAC:2209/x8A1 TDULC GROUP VOICE CHANNEL USER FM:0 TO:300 SERVICE OPTIONS:PRI4 CIRCUIT
22:15:27  T3 857.9875   PASSED    NAC:2209/x8A1 TDULC GROUP VOICE CHANNEL USER FM:0 TO:300 SERVICE OPTIONS:PRI4 CIRCUIT
22:15:27  T3 857.9875   PASSED    NAC:2209/x8A1 TDULC GROUP VOICE CHANNEL USER FM:0 TO:300 SERVICE OPTIONS:PRI4 CIRCUIT
22:15:27  T3 857.9875   PASSED    NAC:2209/x8A1 TDULC GROUP VOICE CHANNEL USER FM:0 TO:300 SERVICE OPTIONS:PRI4 CIRCUIT
22:15:27  T3 857.9875   PASSED    NAC:2209/x8A1 TDULC GROUP VOICE CHANNEL USER FM:0 TO:300 SERVICE OPTIONS:PRI4 CIRCUIT
22:15:27  T3 857.9875   PASSED    NAC:2209/x8A1 TDULC GROUP VOICE CHANNEL USER FM:0 TO:300 SERVICE OPTIONS:PRI4 CIRCUIT
22:15:27  T3 857.9875   PASSED    NAC:2209/x8A1 TDULC GROUP VOICE CHANNEL USER FM:0 TO:300 SERVICE OPTIONS:PRI4 CIRCUIT
22:15:27  T3 857.9875   PASSED    NAC:2209/x8A1 TDULC GROUP VOICE CHANNEL USER FM:0 TO:300 SERVICE OPTIONS:PRI4 CIRCUIT
22:15:27  T3 857.9875   PASSED    NAC:2209/x8A1 TDULC GROUP VOICE CHANNEL USER FM:0 TO:300 SERVICE OPTIONS:PRI4 CIRCUIT
22:15:27  T3 857.9875   PASSED    NAC:2209/x8A1 TDULC GROUP VOICE CHANNEL USER FM:0 TO:300 SERVICE OPTIONS:PRI4 CIRCUIT
22:15:27  T3 857.9875   PASSED    NAC:2209/x8A1 TDULC GROUP VOICE CHANNEL USER FM:0 TO:300 SERVICE OPTIONS:PRI4 CIRCUIT
22:15:27  T3 857.9875   PASSED    NAC:2209/x8A1 TDULC GROUP VOICE CHANNEL USER FM:0 TO:300 SERVICE OPTIONS:PRI4 CIRCUIT
22:15:27  T3 857.9875   PASSED    NAC:2209/x8A1 TDULC GROUP VOICE CHANNEL USER FM:0 TO:300 SERVICE OPTIONS:PRI4 CIRCUIT
22:15:27  T3 857.9875   PASSED    NAC:2209/x8A1 TDULC GROUP VOICE CHANNEL USER FM:0 TO:300 SERVICE OPTIONS:PRI4 CIRCUIT
22:15:27  T3 857.9875   PASSED    NAC:2209/x8A1 TDULC GROUP VOICE CHANNEL USER FM:0 TO:300 SERVICE OPTIONS:PRI4 CIRCUIT
22:15:27  T3 857.9875   PASSED    NAC:2209/x8A1 TDULC GROUP VOICE CHANNEL USER FM:0 TO:300 SERVICE OPTIONS:PRI4 CIRCUIT
22:15:27  T3 857.9875   PASSED    NAC:2209/x8A1 TDULC GROUP VOICE CHANNEL USER FM:0 TO:300 SERVICE OPTIONS:PRI4 CIRCUIT
22:15:27  T3 857.9875   PASSED    NAC:2209/x8A1 TDULC GROUP VOICE CHANNEL USER FM:0 TO:300 SERVICE OPTIONS:PRI4 CIRCUIT
22:15:27  T3 857.9875   PASSED    NAC:2209/x8A1 TDULC GROUP VOICE CHANNEL USER FM:0 TO:300 SERVICE OPTIONS:PRI4 CIRCUIT
22:15:28  CC            PASSED    NAC:2209/x8A1 TSBK1 SNDCP_DCH_GRANT TO:3406070 CHAN:0-1193 SERVICE OPTIONS:NSAPI:1 HALF DUPLEX CIRCUIT MODE
22:15:28  CC            PASSED    NAC:2209/x8A1 TSBK1 SNDCP_DCH_GRANT TO:3406070 CHAN:0-1193 SERVICE OPTIONS:NSAPI:1 HALF DUPLEX CIRCUIT MODE
22:15:28  CC            PASSED    NAC:2209/x8A1 TSBK1 SNDCP_DCH_GRANT TO:3406070 CHAN:0-1193 SERVICE OPTIONS:NSAPI:1 HALF DUPLEX CIRCUIT MODE
22:15:28  T3 857.9875   PASSED    NAC:2209/x8A1 TDULC GROUP VOICE CHANNEL USER FM:0 TO:300 SERVICE OPTIONS:PRI4 CIRCUIT
22:15:28  T3 857.9875   PASSED    NAC:2209/x8A1 TDULC GROUP VOICE CHANNEL USER FM:0 TO:300 SERVICE OPTIONS:PRI4 CIRCUIT
